../Core/Src/main.c:77:6:HAL_ADC_ConvCpltCallback	16	static
../Core/Src/main.c:82:6:HAL_GPIO_EXTI_Callback	16	static
../Core/Src/main.c:90:6:HAL_TIM_PeriodElapsedCallback	16	static
../Core/Src/main.c:103:5:main	8	static
../Core/Src/main.c:169:6:SystemClock_Config	120	static
../Core/Src/main.c:228:13:MX_ADC1_Init	48	static
../Core/Src/main.c:297:13:MX_TIM2_Init	40	static
../Core/Src/main.c:342:13:MX_TIM3_Init	40	static
../Core/Src/main.c:385:13:MX_DMA_Init	16	static
../Core/Src/main.c:403:13:MX_GPIO_Init	40	static
../Core/Src/main.c:445:6:Error_Handler	4	static,ignoring_inline_asm
